{
  "version": "1.5.0",
  "plugins_used": [
    {
      "name": "ArtifactoryDetector"
    },
    {
      "name": "AWSKeyDetector"
    },
    {
      "name": "AzureStorageKeyDetector"
    },
    {
      "name": "Base64HighEntropyString",
      "limit": 4.5
    },
    {
      "name": "BasicAuthDetector"
    },
    {
      "name": "CloudantDetector"
    },
    {
      "name": "DiscordBotTokenDetector"
    },
    {
      "name": "GitHubTokenDetector"
    },
    {
      "name": "GitLabTokenDetector"
    },
    {
      "name": "HexHighEntropyString",
      "limit": 3.0
    },
    {
      "name": "IbmCloudIamDetector"
    },
    {
      "name": "IbmCosHmacDetector"
    },
    {
      "name": "IPPublicDetector"
    },
    {
      "name": "JwtTokenDetector"
    },
    {
      "name": "KeywordDetector",
      "keyword_exclude": ""
    },
    {
      "name": "MailchimpDetector"
    },
    {
      "name": "NpmDetector"
    },
    {
      "name": "OpenAIDetector"
    },
    {
      "name": "PrivateKeyDetector"
    },
    {
      "name": "PypiTokenDetector"
    },
    {
      "name": "SendGridDetector"
    },
    {
      "name": "SlackDetector"
    },
    {
      "name": "SoftlayerDetector"
    },
    {
      "name": "SquareOAuthDetector"
    },
    {
      "name": "StripeDetector"
    },
    {
      "name": "TelegramBotTokenDetector"
    },
    {
      "name": "TwilioKeyDetector"
    }
  ],
  "filters_used": [
    {
      "path": "detect_secrets.filters.allowlist.is_line_allowlisted"
    },
    {
      "path": "detect_secrets.filters.common.is_baseline_file",
      "filename": ".secrets.baseline"
    },
    {
      "path": "detect_secrets.filters.common.is_ignored_due_to_verification_policies",
      "min_level": 2
    },
    {
      "path": "detect_secrets.filters.heuristic.is_indirect_reference"
    },
    {
      "path": "detect_secrets.filters.heuristic.is_likely_id_string"
    },
    {
      "path": "detect_secrets.filters.heuristic.is_lock_file"
    },
    {
      "path": "detect_secrets.filters.heuristic.is_not_alphanumeric_string"
    },
    {
      "path": "detect_secrets.filters.heuristic.is_potential_uuid"
    },
    {
      "path": "detect_secrets.filters.heuristic.is_prefixed_with_dollar_sign"
    },
    {
      "path": "detect_secrets.filters.heuristic.is_sequential_string"
    },
    {
      "path": "detect_secrets.filters.heuristic.is_swagger_file"
    },
    {
      "path": "detect_secrets.filters.heuristic.is_templated_secret"
    },
    {
      "path": "detect_secrets.filters.regex.should_exclude_file",
      "pattern": [
        "apps/web/node_modules/.*",
        "\\.venv/.*",
        "tp_runs\\.db",
        "uv\\.lock",
        "pnpm-lock\\.yaml",
        ".*\\.secrets\\.baseline"
      ]
    }
  ],
  "results": {
    ".env.example": [
      {
        "type": "Basic Auth Credentials",
        "filename": ".env.example",
        "hashed_secret": "903a0bf658baaaa89463ba893c88ae9c0be5a9bb",
        "is_verified": false,
        "line_number": 18
      }
    ],
    "Makefile": [
      {
        "type": "Secret Keyword",
        "filename": "Makefile",
        "hashed_secret": "ed7fd8aed0a1d6d8d4a347a56161ef044a20f80d",
        "is_verified": false,
        "line_number": 27
      }
    ],
    "apps\\web\\src\\lib\\__tests__\\dev-users.test.ts": [
      {
        "type": "Secret Keyword",
        "filename": "apps\\web\\src\\lib\\__tests__\\dev-users.test.ts",
        "hashed_secret": "f2b14f68eb995facb3a1c35287b778d5bd785511",
        "is_verified": false,
        "line_number": 24
      },
      {
        "type": "Secret Keyword",
        "filename": "apps\\web\\src\\lib\\__tests__\\dev-users.test.ts",
        "hashed_secret": "5328b592116d9af596af354f0226359962770de4",
        "is_verified": false,
        "line_number": 39
      }
    ],
    "docker-compose.app.yml": [
      {
        "type": "Basic Auth Credentials",
        "filename": "docker-compose.app.yml",
        "hashed_secret": "903a0bf658baaaa89463ba893c88ae9c0be5a9bb",
        "is_verified": false,
        "line_number": 17
      },
      {
        "type": "Secret Keyword",
        "filename": "docker-compose.app.yml",
        "hashed_secret": "e057b724d603eada3d1f661cc7d65d2a6f39cdbf",
        "is_verified": false,
        "line_number": 50
      },
      {
        "type": "Secret Keyword",
        "filename": "docker-compose.app.yml",
        "hashed_secret": "c25d032bcb770796b37b5d32632900a9ca895778",
        "is_verified": false,
        "line_number": 51
      }
    ],
    "docker-compose.data.yml": [
      {
        "type": "Secret Keyword",
        "filename": "docker-compose.data.yml",
        "hashed_secret": "903a0bf658baaaa89463ba893c88ae9c0be5a9bb",
        "is_verified": false,
        "line_number": 11
      }
    ],
    "infra\\helm\\voyantra\\values.yaml": [
      {
        "type": "Secret Keyword",
        "filename": "infra\\helm\\voyantra\\values.yaml",
        "hashed_secret": "903a0bf658baaaa89463ba893c88ae9c0be5a9bb",
        "is_verified": false,
        "line_number": 26
      },
      {
        "type": "Secret Keyword",
        "filename": "infra\\helm\\voyantra\\values.yaml",
        "hashed_secret": "c25d032bcb770796b37b5d32632900a9ca895778",
        "is_verified": false,
        "line_number": 55
      },
      {
        "type": "Secret Keyword",
        "filename": "infra\\helm\\voyantra\\values.yaml",
        "hashed_secret": "e057b724d603eada3d1f661cc7d65d2a6f39cdbf",
        "is_verified": false,
        "line_number": 56
      },
      {
        "type": "Secret Keyword",
        "filename": "infra\\helm\\voyantra\\values.yaml",
        "hashed_secret": "22b1f9b62d1e4a71963408d58f936ed18c00837d",
        "is_verified": false,
        "line_number": 70
      }
    ],
    "packages\\agents\\tests\\test_tracing.py": [
      {
        "type": "Secret Keyword",
        "filename": "packages\\agents\\tests\\test_tracing.py",
        "hashed_secret": "766a6e8998aefe2117d62c2d48411e43161ffa11",
        "is_verified": false,
        "line_number": 118
      }
    ],
    "packages\\core\\tests\\test_settings.py": [
      {
        "type": "Secret Keyword",
        "filename": "packages\\core\\tests\\test_settings.py",
        "hashed_secret": "f10317c27ca4d2ef628b2690766ceca20f8668ac",
        "is_verified": false,
        "line_number": 13
      }
    ],
    "scripts\\backup_restore_drill.sh": [
      {
        "type": "Basic Auth Credentials",
        "filename": "scripts\\backup_restore_drill.sh",
        "hashed_secret": "903a0bf658baaaa89463ba893c88ae9c0be5a9bb",
        "is_verified": false,
        "line_number": 10
      }
    ]
  },
  "generated_at": "2026-06-17T11:27:04Z"
}
